MPLINK 5.09, LINKER
Linker Map File - Created Tue Nov 14 12:35:19 2023

                                 Section Info
                  Section       Type    Address   Location Size(Bytes)
                ---------  ---------  ---------  ---------  ---------
                 PwrOnRst       code   0x000000    program   0x000002
                   .cinit    romdata   0x000001    program   0x000004
                  IntVect       code   0x000004    program   0x000058
                  UsrCode       code   0x000030    program   0x000086
.config_2007_BUILD/DEFAULT/PRODUCTION/LAB_06.       code   0x002007    program   0x000002
.config_2008_BUILD/DEFAULT/PRODUCTION/LAB_06.       code   0x002008    program   0x000002
                     Vars      udata   0x000020       data   0x000006



                              Program Memory Usage 
                               Start         End      
                           ---------   ---------      
                            0x000000    0x000002      
                            0x000004    0x000072      
                            0x002007    0x002008      
            116 out of 8455 program addresses used, program memory utilization is 1%



                              Symbols - Sorted by Name
                     Name    Address   Location    Storage File                     
                ---------  ---------  ---------  --------- ---------                
             DeBounceLoop   0x00006e    program     static C:\Users\NSF-WORK\Desktop\fall 2023\embedded system\Embedded_Systems_PIC-\Lab_06.X\Lab_06.asm
                 Debounce   0x00006c    program     static C:\Users\NSF-WORK\Desktop\fall 2023\embedded system\Embedded_Systems_PIC-\Lab_06.X\Lab_06.asm
                     Init   0x000030    program     static C:\Users\NSF-WORK\Desktop\fall 2023\embedded system\Embedded_Systems_PIC-\Lab_06.X\Lab_06.asm
                     Main   0x000055    program     static C:\Users\NSF-WORK\Desktop\fall 2023\embedded system\Embedded_Systems_PIC-\Lab_06.X\Lab_06.asm
                Main_loop   0x000056    program     static C:\Users\NSF-WORK\Desktop\fall 2023\embedded system\Embedded_Systems_PIC-\Lab_06.X\Lab_06.asm
              SW1_Pressed   0x00005f    program     static C:\Users\NSF-WORK\Desktop\fall 2023\embedded system\Embedded_Systems_PIC-\Lab_06.X\Lab_06.asm
                    first   0x00000b    program     static C:\Users\NSF-WORK\Desktop\fall 2023\embedded system\Embedded_Systems_PIC-\Lab_06.X\Lab_06.asm
            inputOverflow   0x000068    program     static C:\Users\NSF-WORK\Desktop\fall 2023\embedded system\Embedded_Systems_PIC-\Lab_06.X\Lab_06.asm
                   second   0x000016    program     static C:\Users\NSF-WORK\Desktop\fall 2023\embedded system\Embedded_Systems_PIC-\Lab_06.X\Lab_06.asm
                    third   0x000026    program     static C:\Users\NSF-WORK\Desktop\fall 2023\embedded system\Embedded_Systems_PIC-\Lab_06.X\Lab_06.asm
                   Count1   0x000020       data     static C:\Users\NSF-WORK\Desktop\fall 2023\embedded system\Embedded_Systems_PIC-\Lab_06.X\Lab_06.asm
                   Count2   0x000021       data     static C:\Users\NSF-WORK\Desktop\fall 2023\embedded system\Embedded_Systems_PIC-\Lab_06.X\Lab_06.asm
                currInput   0x000022       data     static C:\Users\NSF-WORK\Desktop\fall 2023\embedded system\Embedded_Systems_PIC-\Lab_06.X\Lab_06.asm
                 interNum   0x000025       data     static C:\Users\NSF-WORK\Desktop\fall 2023\embedded system\Embedded_Systems_PIC-\Lab_06.X\Lab_06.asm
                     num1   0x000023       data     static C:\Users\NSF-WORK\Desktop\fall 2023\embedded system\Embedded_Systems_PIC-\Lab_06.X\Lab_06.asm
                     num2   0x000024       data     static C:\Users\NSF-WORK\Desktop\fall 2023\embedded system\Embedded_Systems_PIC-\Lab_06.X\Lab_06.asm



                              Symbols - Sorted by Address
                     Name    Address   Location    Storage File                     
                ---------  ---------  ---------  --------- ---------                
                    first   0x00000b    program     static C:\Users\NSF-WORK\Desktop\fall 2023\embedded system\Embedded_Systems_PIC-\Lab_06.X\Lab_06.asm
                   second   0x000016    program     static C:\Users\NSF-WORK\Desktop\fall 2023\embedded system\Embedded_Systems_PIC-\Lab_06.X\Lab_06.asm
                    third   0x000026    program     static C:\Users\NSF-WORK\Desktop\fall 2023\embedded system\Embedded_Systems_PIC-\Lab_06.X\Lab_06.asm
                     Init   0x000030    program     static C:\Users\NSF-WORK\Desktop\fall 2023\embedded system\Embedded_Systems_PIC-\Lab_06.X\Lab_06.asm
                     Main   0x000055    program     static C:\Users\NSF-WORK\Desktop\fall 2023\embedded system\Embedded_Systems_PIC-\Lab_06.X\Lab_06.asm
                Main_loop   0x000056    program     static C:\Users\NSF-WORK\Desktop\fall 2023\embedded system\Embedded_Systems_PIC-\Lab_06.X\Lab_06.asm
              SW1_Pressed   0x00005f    program     static C:\Users\NSF-WORK\Desktop\fall 2023\embedded system\Embedded_Systems_PIC-\Lab_06.X\Lab_06.asm
            inputOverflow   0x000068    program     static C:\Users\NSF-WORK\Desktop\fall 2023\embedded system\Embedded_Systems_PIC-\Lab_06.X\Lab_06.asm
                 Debounce   0x00006c    program     static C:\Users\NSF-WORK\Desktop\fall 2023\embedded system\Embedded_Systems_PIC-\Lab_06.X\Lab_06.asm
             DeBounceLoop   0x00006e    program     static C:\Users\NSF-WORK\Desktop\fall 2023\embedded system\Embedded_Systems_PIC-\Lab_06.X\Lab_06.asm
                   Count1   0x000020       data     static C:\Users\NSF-WORK\Desktop\fall 2023\embedded system\Embedded_Systems_PIC-\Lab_06.X\Lab_06.asm
                   Count2   0x000021       data     static C:\Users\NSF-WORK\Desktop\fall 2023\embedded system\Embedded_Systems_PIC-\Lab_06.X\Lab_06.asm
                currInput   0x000022       data     static C:\Users\NSF-WORK\Desktop\fall 2023\embedded system\Embedded_Systems_PIC-\Lab_06.X\Lab_06.asm
                     num1   0x000023       data     static C:\Users\NSF-WORK\Desktop\fall 2023\embedded system\Embedded_Systems_PIC-\Lab_06.X\Lab_06.asm
                     num2   0x000024       data     static C:\Users\NSF-WORK\Desktop\fall 2023\embedded system\Embedded_Systems_PIC-\Lab_06.X\Lab_06.asm
                 interNum   0x000025       data     static C:\Users\NSF-WORK\Desktop\fall 2023\embedded system\Embedded_Systems_PIC-\Lab_06.X\Lab_06.asm


